apiVersion: v1
data: {}
kind: Secret
metadata:
  annotations: {}
  labels:
    name: cloudscale
  name: cloudscale
  namespace: syn-csi-cloudscale
stringData:
  access-token: t-silent-test-1234/c-green-test-1234/cloudscale/token
type: Opaque
