apiVersion: rbac.authorization.k8s.io/v1
kind: RoleBinding
metadata:
  annotations: {}
  labels:
    name: csi-hostnetwork
  name: csi-hostnetwork
roleRef:
  apiGroup: rbac.authorization.k8s.io
  kind: ClusterRole
  name: system:openshift:scc:hostnetwork
subjects:
  - kind: ServiceAccount
    name: csi-cloudscale-controller-sa
    namespace: syn-csi-cloudscale
---
apiVersion: rbac.authorization.k8s.io/v1
kind: RoleBinding
metadata:
  annotations: {}
  labels:
    name: csi-privileged
  name: csi-privileged
roleRef:
  apiGroup: rbac.authorization.k8s.io
  kind: ClusterRole
  name: system:openshift:scc:privileged
subjects:
  - kind: ServiceAccount
    name: csi-cloudscale-node-sa
    namespace: syn-csi-cloudscale
