apiVersion: v1
kind: ServiceAccount
metadata:
  name: csi-cloudscale-controller-sa
---
apiVersion: v1
kind: ServiceAccount
metadata:
  name: csi-cloudscale-node-sa
