apiVersion: v1
kind: Namespace
metadata:
  annotations: {}
  labels:
    name: syn-csi-cloudscale
  name: syn-csi-cloudscale
