apiVersion: apps/v1
kind: StatefulSet
metadata:
  name: csi-cloudscale-controller
  namespace: syn-csi-cloudscale
spec:
  replicas: 1
  selector:
    matchLabels:
      app: csi-cloudscale-controller
  serviceName: csi-cloudscale
  template:
    metadata:
      labels:
        app: csi-cloudscale-controller
        role: csi-cloudscale
    spec:
      containers:
        - args:
            - --csi-address=$(ADDRESS)
            - --default-fstype=ext4
            - --v=5
          env:
            - name: ADDRESS
              value: /var/lib/csi/sockets/pluginproxy/csi.sock
          image: quay.io/k8scsi/csi-provisioner:v2.0.4
          imagePullPolicy: Always
          name: csi-provisioner
          resources:
            limits:
              cpu: 100m
            requests:
              cpu: 20m
              memory: 32Mi
          volumeMounts:
            - mountPath: /var/lib/csi/sockets/pluginproxy/
              name: socket-dir
        - args:
            - --csi-address=$(ADDRESS)
            - --v=5
          env:
            - name: ADDRESS
              value: /var/lib/csi/sockets/pluginproxy/csi.sock
          image: quay.io/k8scsi/csi-attacher:v3.0.2
          imagePullPolicy: Always
          name: csi-attacher
          resources:
            limits:
              cpu: 100m
            requests:
              cpu: 20m
              memory: 32Mi
          volumeMounts:
            - mountPath: /var/lib/csi/sockets/pluginproxy/
              name: socket-dir
        - args:
            - --csi-address=$(ADDRESS)
            - --timeout=30s
            - --v=5
            - --handle-volume-inuse-error=false
          env:
            - name: ADDRESS
              value: /var/lib/csi/sockets/pluginproxy/csi.sock
          image: quay.io/k8scsi/csi-resizer:v1.0.1
          imagePullPolicy: IfNotPresent
          name: csi-resizer
          resources:
            limits:
              cpu: 100m
            requests:
              cpu: 20m
              memory: 32Mi
          volumeMounts:
            - mountPath: /var/lib/csi/sockets/pluginproxy/
              name: socket-dir
        - args:
            - --endpoint=$(CSI_ENDPOINT)
            - --url=$(CLOUDSCALE_API_URL)
          env:
            - name: CSI_ENDPOINT
              value: unix:///var/lib/csi/sockets/pluginproxy/csi.sock
            - name: CLOUDSCALE_API_URL
              value: https://api.cloudscale.ch/
            - name: CLOUDSCALE_ACCESS_TOKEN
              valueFrom:
                secretKeyRef:
                  key: access-token
                  name: cloudscale
          image: quay.io/cloudscalech/cloudscale-csi-plugin:v3.1.0
          imagePullPolicy: Always
          name: csi-cloudscale-plugin
          resources:
            limits:
              cpu: 100m
              memory: 1Gi
            requests:
              cpu: 20m
              memory: 32Mi
          volumeMounts:
            - mountPath: /var/lib/csi/sockets/pluginproxy/
              name: socket-dir
      hostNetwork: true
      priorityClassName: system-cluster-critical
      serviceAccount: csi-cloudscale-controller-sa
      volumes:
        - emptyDir: {}
          name: socket-dir
---
apiVersion: v1
kind: ServiceAccount
metadata:
  name: csi-cloudscale-controller-sa
  namespace: syn-csi-cloudscale
---
apiVersion: apps/v1
kind: DaemonSet
metadata:
  name: csi-cloudscale-node
  namespace: syn-csi-cloudscale
spec:
  selector:
    matchLabels:
      app: csi-cloudscale-node
  template:
    metadata:
      labels:
        app: csi-cloudscale-node
        role: csi-cloudscale
    spec:
      containers:
        - args:
            - --v=5
            - --csi-address=$(ADDRESS)
            - --kubelet-registration-path=$(DRIVER_REG_SOCK_PATH)
          env:
            - name: ADDRESS
              value: /csi/csi.sock
            - name: DRIVER_REG_SOCK_PATH
              value: /var/lib/kubelet/plugins/csi.cloudscale.ch/csi.sock
            - name: KUBE_NODE_NAME
              valueFrom:
                fieldRef:
                  fieldPath: spec.nodeName
          image: quay.io/k8scsi/csi-node-driver-registrar:v2.0.1
          lifecycle:
            preStop:
              exec:
                command:
                  - /bin/sh
                  - -c
                  - rm -rf /registration/csi.cloudscale.ch /registration/csi.cloudscale.ch-reg.sock
          name: csi-node-driver-registrar
          resources:
            limits:
              cpu: 100m
            requests:
              memory: 32Mi
          volumeMounts:
            - mountPath: /csi/
              name: plugin-dir
            - mountPath: /registration/
              name: registration-dir
        - args:
            - --endpoint=$(CSI_ENDPOINT)
            - --url=$(CLOUDSCALE_API_URL)
          env:
            - name: CSI_ENDPOINT
              value: unix:///csi/csi.sock
            - name: CLOUDSCALE_API_URL
              value: https://api.cloudscale.ch/
            - name: CLOUDSCALE_ACCESS_TOKEN
              valueFrom:
                secretKeyRef:
                  key: access-token
                  name: cloudscale
          image: quay.io/cloudscalech/cloudscale-csi-plugin:v3.1.0
          imagePullPolicy: Always
          name: csi-cloudscale-plugin
          resources:
            limits:
              cpu: 1000m
            requests:
              cpu: 20m
              memory: 32Mi
          securityContext:
            allowPrivilegeEscalation: true
            capabilities:
              add:
                - SYS_ADMIN
            privileged: true
          volumeMounts:
            - mountPath: /csi
              name: plugin-dir
            - mountPath: /var/lib/kubelet
              mountPropagation: Bidirectional
              name: pods-mount-dir
            - mountPath: /dev
              name: device-dir
            - mountPath: /tmp
              name: tmpfs
      hostNetwork: true
      priorityClassName: system-node-critical
      serviceAccount: csi-cloudscale-node-sa
      tolerations: []
      volumes:
        - hostPath:
            path: /var/lib/kubelet/plugins_registry/
            type: DirectoryOrCreate
          name: registration-dir
        - hostPath:
            path: /var/lib/kubelet/plugins/csi.cloudscale.ch
            type: DirectoryOrCreate
          name: plugin-dir
        - hostPath:
            path: /var/lib/kubelet
            type: Directory
          name: pods-mount-dir
        - hostPath:
            path: /dev
          name: device-dir
        - emptyDir:
            medium: Memory
          name: tmpfs
---
apiVersion: v1
kind: ServiceAccount
metadata:
  name: csi-cloudscale-node-sa
  namespace: syn-csi-cloudscale
