apiVersion: rbac.authorization.k8s.io/v1
kind: ClusterRole
metadata:
  name: csi-cloudscale-provisioner-role
rules:
  - apiGroups:
      - ''
    resources:
      - persistentvolumes
    verbs:
      - get
      - list
      - watch
      - create
      - delete
  - apiGroups:
      - ''
    resources:
      - persistentvolumeclaims
    verbs:
      - get
      - list
      - watch
      - update
  - apiGroups:
      - storage.k8s.io
    resources:
      - storageclasses
    verbs:
      - get
      - list
      - watch
  - apiGroups:
      - ''
    resources:
      - events
    verbs:
      - list
      - watch
      - create
      - update
      - patch
  - apiGroups:
      - snapshot.storage.k8s.io
    resources:
      - volumesnapshots
    verbs:
      - get
      - list
  - apiGroups:
      - snapshot.storage.k8s.io
    resources:
      - volumesnapshotcontents
    verbs:
      - get
      - list
  - apiGroups:
      - storage.k8s.io
    resources:
      - csinodes
    verbs:
      - get
      - list
      - watch
  - apiGroups:
      - ''
    resources:
      - nodes
    verbs:
      - get
      - list
      - watch
  - apiGroups:
      - storage.k8s.io
    resources:
      - volumeattachments
    verbs:
      - get
      - list
      - watch
---
apiVersion: rbac.authorization.k8s.io/v1
kind: ClusterRoleBinding
metadata:
  name: csi-cloudscale-provisioner-binding
roleRef:
  apiGroup: rbac.authorization.k8s.io
  kind: ClusterRole
  name: csi-cloudscale-provisioner-role
subjects:
  - kind: ServiceAccount
    name: csi-cloudscale-controller-sa
    namespace: syn-csi-cloudscale
---
apiVersion: rbac.authorization.k8s.io/v1
kind: ClusterRole
metadata:
  name: csi-cloudscale-attacher-role
rules:
  - apiGroups:
      - ''
    resources:
      - persistentvolumes
    verbs:
      - get
      - list
      - watch
      - update
      - patch
  - apiGroups:
      - ''
    resources:
      - nodes
    verbs:
      - get
      - list
      - watch
  - apiGroups:
      - storage.k8s.io
    resources:
      - csinodes
    verbs:
      - get
      - list
      - watch
  - apiGroups:
      - storage.k8s.io
    resources:
      - volumeattachments
    verbs:
      - get
      - list
      - watch
      - update
      - patch
  - apiGroups:
      - storage.k8s.io
    resources:
      - volumeattachments/status
    verbs:
      - patch
---
apiVersion: rbac.authorization.k8s.io/v1
kind: ClusterRoleBinding
metadata:
  name: csi-cloudscale-attacher-binding
roleRef:
  apiGroup: rbac.authorization.k8s.io
  kind: ClusterRole
  name: csi-cloudscale-attacher-role
subjects:
  - kind: ServiceAccount
    name: csi-cloudscale-controller-sa
    namespace: syn-csi-cloudscale
---
apiVersion: rbac.authorization.k8s.io/v1
kind: ClusterRole
metadata:
  name: csi-cloudscale-resizer-role
rules:
  - apiGroups:
      - ''
    resources:
      - persistentvolumes
    verbs:
      - get
      - list
      - watch
      - update
      - patch
  - apiGroups:
      - ''
    resources:
      - persistentvolumeclaims
    verbs:
      - get
      - list
      - watch
  - apiGroups:
      - ''
    resources:
      - persistentvolumeclaims/status
    verbs:
      - update
      - patch
  - apiGroups:
      - ''
    resources:
      - events
    verbs:
      - list
      - watch
      - create
      - update
      - patch
---
apiVersion: rbac.authorization.k8s.io/v1
kind: ClusterRoleBinding
metadata:
  name: csi-cloudscale-resizer-binding
roleRef:
  apiGroup: rbac.authorization.k8s.io
  kind: ClusterRole
  name: csi-cloudscale-resizer-role
subjects:
  - kind: ServiceAccount
    name: csi-cloudscale-controller-sa
    namespace: syn-csi-cloudscale
---
apiVersion: rbac.authorization.k8s.io/v1
kind: ClusterRole
metadata:
  name: csi-cloudscale-node-driver-registrar-role
  namespace: kube-system
rules:
  - apiGroups:
      - ''
    resources:
      - events
    verbs:
      - get
      - list
      - watch
      - create
      - update
      - patch
---
apiVersion: rbac.authorization.k8s.io/v1
kind: ClusterRoleBinding
metadata:
  name: csi-cloudscale-node-driver-registrar-binding
roleRef:
  apiGroup: rbac.authorization.k8s.io
  kind: ClusterRole
  name: csi-cloudscale-node-driver-registrar-role
subjects:
  - kind: ServiceAccount
    name: csi-cloudscale-node-sa
    namespace: syn-csi-cloudscale
