apiVersion: storage.k8s.io/v1
kind: CSIDriver
metadata:
  name: csi.cloudscale.ch
spec:
  attachRequired: true
  podInfoOnMount: true
